nelio@DESKTOP-CL50Q34 MINGW64 ~/Desktop/projeto github alura (master)
$ git status
On branch master
Changes not staged for commit:
  (use "git add <file>..." to update what will be committed)
  (use "git restore <file>..." to discard changes in working directory)
        modified:   index.html

no changes added to commit (use "git add" and/or "git commit -a")

nelio@DESKTOP-CL50Q34 MINGW64 ~/Desktop/projeto github alura (master)
$ git add index.html

nelio@DESKTOP-CL50Q34 MINGW64 ~/Desktop/projeto github alura (master)
$ git status
On branch master
Changes to be committed:
  (use "git restore --staged <file>..." to unstage)
        modified:   index.html


nelio@DESKTOP-CL50Q34 MINGW64 ~/Desktop/projeto github alura (master)
$ git commit -m "Acento adicionado no curso de integração contínua"
[master ec09127] Acento adicionado no curso de integração contínua
 1 file changed, 1 insertion(+), 1 deletion(-)

nelio@DESKTOP-CL50Q34 MINGW64 ~/Desktop/projeto github alura (ma